[PerifaceLsp]2024/05/21 14:15:05 main.go:14: Starting PerifaceLsp
[PerifaceLsp]2024/05/21 14:15:05 main.go:29: Received msg with method: initialize
[PerifaceLsp]2024/05/21 14:15:05 main.go:30: Method: initialize, Contents: {"method":"initialize","params":{"processId":61521,"clientInfo":{"name":"Neovim","version":"0.10.0-dev+gb40170f7a"},"trace":"off","rootPath":null,"rootUri":null,"workspaceFolders":null,"capabilities":{"window":{"workDoneProgress":true,"showMessage":{"messageActionItem":{"additionalPropertiesSupport":false}},"showDocument":{"support":true}},"general":{"positionEncodings":["utf-16"]},"workspace":{"didChangeConfiguration":{"dynamicRegistration":false},"applyEdit":true,"workspaceEdit":{"resourceOperations":["rename","create","delete"]},"didChangeWatchedFiles":{"relativePatternSupport":true,"dynamicRegistration":true},"symbol":{"symbolKind":{"valueSet":[1,2,3,4,5,6,7,8,9,10,11,12,13,14,15,16,17,18,19,20,21,22,23,24,25,26]},"dynamicRegistration":false},"inlayHint":{"refreshSupport":true},"workspaceFolders":true,"semanticTokens":{"refreshSupport":true},"configuration":true},"textDocument":{"inlayHint":{"resolveSupport":{"properties":["textEdits","tooltip","location","command"]},"dynamicRegistration":true},"documentHighlight":{"dynamicRegistration":false},"documentSymbol":{"hierarchicalDocumentSymbolSupport":true,"dynamicRegistration":false,"symbolKind":{"valueSet":[1,2,3,4,5,6,7,8,9,10,11,12,13,14,15,16,17,18,19,20,21,22,23,24,25,26]}},"hover":{"contentFormat":["markdown","plaintext"],"dynamicRegistration":true},"synchronization":{"willSaveWaitUntil":true,"didSave":true,"willSave":true,"dynamicRegistration":false},"references":{"dynamicRegistration":false},"codeAction":{"dataSupport":true,"resolveSupport":{"properties":["edit"]},"codeActionLiteralSupport":{"codeActionKind":{"valueSet":["","quickfix","refactor","refactor.extract","refactor.inline","refactor.rewrite","source","source.organizeImports"]}},"dynamicRegistration":true,"isPreferredSupport":true},"rename":{"prepareSupport":true,"dynamicRegistration":true},"diagnostic":{"dynamicRegistration":false},"callHierarchy":{"dynamicRegistration":false},"formatting":{"dynamicRegistration":true},"rangeFormatting":{"dynamicRegistration":true},"completion":{"completionItem":{"deprecatedSupport":false,"documentationFormat":["markdown","plaintext"],"snippetSupport":false,"commitCharactersSupport":false,"preselectSupport":false},"contextSupport":false,"completionItemKind":{"valueSet":[1,2,3,4,5,6,7,8,9,10,11,12,13,14,15,16,17,18,19,20,21,22,23,24,25]},"dynamicRegistration":false},"declaration":{"linkSupport":true},"publishDiagnostics":{"tagSupport":{"valueSet":[1,2]},"dataSupport":true,"relatedInformation":true},"signatureHelp":{"signatureInformation":{"documentationFormat":["markdown","plaintext"],"activeParameterSupport":true,"parameterInformation":{"labelOffsetSupport":true}},"dynamicRegistration":false},"definition":{"linkSupport":true,"dynamicRegistration":true},"implementation":{"linkSupport":true},"typeDefinition":{"linkSupport":true},"semanticTokens":{"formats":["relative"],"overlappingTokenSupport":true,"multilineTokenSupport":false,"serverCancelSupport":false,"tokenModifiers":["declaration","definition","readonly","static","deprecated","abstract","async","modification","documentation","defaultLibrary"],"requests":{"range":false,"full":{"delta":true}},"augmentsSyntaxTokens":true,"tokenTypes":["namespace","type","class","enum","interface","struct","typeParameter","parameter","variable","property","enumMember","event","function","method","macro","keyword","modifier","comment","string","number","regexp","operator","decorator"],"dynamicRegistration":false}}}},"id":1,"jsonrpc":"2.0"}
[PerifaceLsp]2024/05/21 14:15:05 main.go:38: Connected to: Neovim 0.10.0-dev+gb40170f7a
[PerifaceLsp]2024/05/21 14:15:05 main.go:46: Reply sent
[PerifaceLsp]2024/05/21 14:15:06 main.go:29: Received msg with method: initialized
[PerifaceLsp]2024/05/21 14:15:06 main.go:30: Method: initialized, Contents: {"method":"initialized","params":{},"jsonrpc":"2.0"}
[PerifaceLsp]2024/05/21 14:15:08 main.go:29: Received msg with method: shutdown
[PerifaceLsp]2024/05/21 14:15:08 main.go:30: Method: shutdown, Contents: {"method":"shutdown","id":2,"jsonrpc":"2.0"}
